\BOOKMARK [0][-]{chapter*.2}{\376\377\000L\000i\000s\000t\000\040\000o\000f\000\040\000P\000u\000b\000l\000i\000c\000a\000t\000i\000o\000n\000s}{}% 1
\BOOKMARK [0][-]{chapter*.9}{\376\377\000L\000i\000s\000t\000\040\000o\000f\000\040\000N\000o\000t\000a\000t\000i\000o\000n}{}% 2
\BOOKMARK [0][-]{chapter.1}{\376\377\000I\000n\000t\000r\000o\000d\000u\000c\000t\000i\000o\000n}{}% 3
\BOOKMARK [1][-]{section.1.1}{\376\377\000M\000o\000t\000i\000v\000a\000t\000i\000o\000n}{chapter.1}% 4
\BOOKMARK [1][-]{section.1.2}{\376\377\000P\000r\000o\000b\000l\000e\000m\000\040\000S\000e\000t\000t\000i\000n\000g}{chapter.1}% 5
\BOOKMARK [1][-]{section.1.3}{\376\377\000A\000i\000m\000,\000\040\000O\000b\000j\000e\000c\000t\000i\000v\000e\000s\000,\000\040\000a\000n\000d\000\040\000R\000e\000s\000e\000a\000r\000c\000h\000\040\000Q\000u\000e\000s\000t\000i\000o\000n\000s}{chapter.1}% 6
\BOOKMARK [1][-]{section.1.4}{\376\377\000T\000h\000e\000s\000i\000s\000\040\000C\000o\000n\000t\000r\000i\000b\000u\000t\000i\000o\000n\000s}{chapter.1}% 7
\BOOKMARK [1][-]{section.1.5}{\376\377\000T\000h\000e\000s\000i\000s\000\040\000S\000t\000r\000u\000c\000t\000u\000r\000e}{chapter.1}% 8
\BOOKMARK [0][-]{chapter.2}{\376\377\000T\000h\000e\000o\000r\000y\000\040\000a\000n\000d\000\040\000F\000o\000u\000n\000d\000a\000t\000i\000o\000n\000s}{}% 9
\BOOKMARK [1][-]{section.2.1}{\376\377\000G\000r\000a\000p\000h\000s\000\040\000a\000n\000d\000\040\000S\000t\000r\000u\000c\000t\000u\000r\000e\000d\000\040\000D\000a\000t\000a}{chapter.2}% 10
\BOOKMARK [1][-]{section.2.2}{\376\377\000G\000r\000a\000p\000h\000\040\000R\000e\000p\000r\000e\000s\000e\000n\000t\000a\000t\000i\000o\000n\000\040\000L\000e\000a\000r\000n\000i\000n\000g}{chapter.2}% 11
\BOOKMARK [2][-]{subsection.2.2.1}{\376\377\000S\000t\000r\000u\000c\000t\000u\000r\000a\000l\000\040\000e\000n\000c\000o\000d\000i\000n\000g\000s}{section.2.2}% 12
\BOOKMARK [2][-]{subsection.2.2.2}{\376\377\000P\000r\000e\000d\000e\000f\000i\000n\000e\000d\000\040\000\050\000D\000a\000t\000a\000-\000I\000n\000d\000e\000p\000e\000n\000d\000e\000n\000t\000\051\000\040\000R\000e\000p\000r\000e\000s\000e\000n\000t\000a\000t\000i\000o\000n\000s}{section.2.2}% 13
\BOOKMARK [2][-]{subsection.2.2.3}{\376\377\000S\000u\000b\000s\000t\000r\000u\000c\000t\000u\000r\000e\000-\000B\000a\000s\000e\000d\000\040\000G\000r\000a\000p\000h\000\040\000K\000e\000r\000n\000e\000l\000s}{section.2.2}% 14
\BOOKMARK [2][-]{subsection.2.2.4}{\376\377\000K\000e\000r\000n\000e\000l\000s\000\040\000f\000o\000r\000\040\000N\000o\000d\000e\000\040\000A\000t\000t\000r\000i\000b\000u\000t\000e\000d\000\040\000G\000r\000a\000p\000h\000s}{section.2.2}% 15
\BOOKMARK [2][-]{subsection.2.2.5}{\376\377\000L\000e\000a\000r\000n\000e\000d\000\040\000r\000e\000p\000r\000e\000s\000e\000n\000t\000a\000t\000i\000o\000n\000s}{section.2.2}% 16
\BOOKMARK [2][-]{subsection.2.2.6}{\376\377\000K\000e\000r\000n\000e\000l\000s\000\040\000v\000e\000r\000s\000u\000s\000\040\000G\000N\000N\000\040\000e\000m\000b\000e\000d\000d\000i\000n\000g\000s}{section.2.2}% 17
\BOOKMARK [1][-]{section.2.3}{\376\377\000D\000e\000e\000p\000\040\000G\000e\000n\000e\000r\000a\000t\000i\000v\000e\000\040\000M\000o\000d\000e\000l\000s\000\040\000f\000o\000r\000\040\000G\000r\000a\000p\000h\000s}{chapter.2}% 18
\BOOKMARK [2][-]{subsection.2.3.1}{\376\377\000D\000i\000f\000f\000u\000s\000i\000o\000n\000-\000B\000a\000s\000e\000d\000\040\000G\000e\000n\000e\000r\000a\000t\000i\000v\000e\000\040\000M\000o\000d\000e\000l\000s}{section.2.3}% 19
\BOOKMARK [1][-]{section.2.4}{\376\377\000E\000v\000a\000l\000u\000a\000t\000i\000o\000n\000\040\000o\000f\000\040\000G\000r\000a\000p\000h\000\040\000G\000e\000n\000e\000r\000a\000t\000i\000v\000e\000\040\000M\000o\000d\000e\000l\000s}{chapter.2}% 20
\BOOKMARK [2][-]{subsection.2.4.1}{\376\377\000L\000e\000a\000r\000n\000i\000n\000g\000-\000T\000h\000e\000o\000r\000e\000t\000i\000c\000\040\000P\000r\000e\000l\000i\000m\000i\000n\000a\000r\000i\000e\000s\000\040\000f\000o\000r\000\040\000G\000e\000n\000e\000r\000a\000t\000i\000v\000e\000\040\000E\000v\000a\000l\000u\000a\000t\000i\000o\000n}{section.2.4}% 21
\BOOKMARK [1][-]{section.2.5}{\376\377\000C\000h\000a\000p\000t\000e\000r\000\040\000c\000o\000n\000c\000l\000u\000s\000i\000o\000n\000s}{chapter.2}% 22
\BOOKMARK [0][-]{chapter.3}{\376\377\000I\000n\000t\000e\000r\000p\000r\000e\000t\000a\000b\000l\000e\000\040\000G\000r\000a\000p\000h\000\040\000R\000e\000p\000r\000e\000s\000e\000n\000t\000a\000t\000i\000o\000n\000s\000\040\000w\000i\000t\000h\000\040\000N\000S\000P\000P\000K}{}% 23
\BOOKMARK [1][-]{section.3.1}{\376\377\000I\000n\000t\000r\000o\000d\000u\000c\000t\000i\000o\000n}{chapter.3}% 24
\BOOKMARK [1][-]{section.3.2}{\376\377\000R\000e\000l\000a\000t\000e\000d\000\040\000W\000o\000r\000k}{chapter.3}% 25
\BOOKMARK [1][-]{section.3.3}{\376\377\000M\000e\000t\000h\000o\000d}{chapter.3}% 26
\BOOKMARK [2][-]{subsection.3.3.1}{\376\377\000C\000o\000r\000e\000\040\000o\000b\000j\000e\000c\000t\000s\000\040\000a\000n\000d\000\040\000n\000o\000t\000a\000t\000i\000o\000n}{section.3.3}% 27
\BOOKMARK [2][-]{subsection.3.3.2}{\376\377\000A\000u\000g\000m\000e\000n\000t\000e\000d\000\040\000s\000t\000r\000u\000c\000t\000u\000r\000a\000l\000\040\000f\000e\000a\000t\000u\000r\000e\000s}{section.3.3}% 28
\BOOKMARK [2][-]{subsection.3.3.3}{\376\377\000F\000r\000o\000m\000\040\000s\000u\000b\000g\000r\000a\000p\000h\000s\000\040\000t\000o\000\040\000e\000x\000p\000l\000i\000c\000i\000t\000\040\000f\000e\000a\000t\000u\000r\000e\000s}{section.3.3}% 29
\BOOKMARK [2][-]{subsection.3.3.4}{\376\377\000F\000e\000a\000t\000u\000r\000e\000\040\000h\000a\000s\000h\000i\000n\000g\000\040\000p\000i\000p\000e\000l\000i\000n\000e}{section.3.3}% 30
\BOOKMARK [2][-]{subsection.3.3.5}{\376\377\000N\000o\000d\000e\000\040\000a\000t\000t\000r\000i\000b\000u\000t\000e\000\040\000i\000n\000t\000e\000g\000r\000a\000t\000i\000o\000n}{section.3.3}% 31
\BOOKMARK [2][-]{subsection.3.3.6}{\376\377\000E\000x\000p\000r\000e\000s\000s\000i\000v\000i\000t\000y\000\040\000R\000e\000l\000a\000t\000i\000v\000e\000\040\000t\000o\000\040\000N\000S\000P\000D\000K\000\040\000a\000n\000d\000\040\000L\000o\000c\000a\000l\000\040\000A\000g\000g\000r\000e\000g\000a\000t\000i\000o\000n}{section.3.3}% 32
\BOOKMARK [2][-]{subsection.3.3.7}{\376\377\000C\000o\000m\000p\000l\000e\000x\000i\000t\000y\000\040\000A\000n\000a\000l\000y\000s\000i\000s}{section.3.3}% 33
\BOOKMARK [2][-]{subsection.3.3.8}{\376\377\000B\000a\000l\000a\000n\000c\000i\000n\000g\000\040\000F\000e\000a\000t\000u\000r\000e\000\040\000S\000i\000z\000e\000\040\000a\000n\000d\000\040\000H\000a\000s\000h\000\040\000C\000o\000l\000l\000i\000s\000i\000o\000n\000s}{section.3.3}% 34
\BOOKMARK [1][-]{section.3.4}{\376\377\000D\000i\000a\000g\000o\000n\000a\000l\000\040\000D\000o\000m\000i\000n\000a\000n\000c\000e\000\040\000a\000n\000d\000\040\000R\000o\000b\000u\000s\000t\000n\000e\000s\000s\000:\000\040\000Q\000u\000a\000n\000t\000i\000t\000a\000t\000i\000v\000e\000\040\000A\000n\000a\000l\000y\000s\000i\000s}{chapter.3}% 35
\BOOKMARK [1][-]{section.3.5}{\376\377\000E\000x\000p\000e\000r\000i\000m\000e\000n\000t\000s}{chapter.3}% 36
\BOOKMARK [2][-]{subsection.3.5.1}{\376\377\000S\000m\000a\000l\000l\000-\000S\000c\000a\000l\000e\000\040\000D\000a\000t\000a\000s\000e\000t\000s}{section.3.5}% 37
\BOOKMARK [2][-]{subsection.3.5.2}{\376\377\000P\000a\000r\000a\000l\000l\000e\000l\000\040\000S\000c\000a\000l\000a\000b\000i\000l\000i\000t\000y}{section.3.5}% 38
\BOOKMARK [2][-]{subsection.3.5.3}{\376\377\000A\000b\000l\000a\000t\000i\000o\000n\000\040\000S\000t\000u\000d\000y}{section.3.5}% 39
\BOOKMARK [2][-]{subsection.3.5.4}{\376\377\000E\000x\000p\000e\000r\000i\000m\000e\000n\000t\000s\000\040\000o\000n\000\040\000C\000i\000t\000a\000t\000i\000o\000n\000\040\000N\000e\000t\000w\000o\000r\000k\000s}{section.3.5}% 40
\BOOKMARK [2][-]{subsection.3.5.5}{\376\377\000S\000t\000r\000u\000c\000t\000u\000r\000a\000l\000-\000o\000n\000l\000y\000\040\000s\000e\000t\000t\000i\000n\000g\000.}{section.3.5}% 41
\BOOKMARK [2][-]{subsection.3.5.6}{\376\377\000L\000a\000r\000g\000e\000-\000S\000c\000a\000l\000e\000\040\000E\000v\000a\000l\000u\000a\000t\000i\000o\000n}{section.3.5}% 42
\BOOKMARK [1][-]{section.3.6}{\376\377\000D\000i\000s\000c\000u\000s\000s\000i\000o\000n\000\040\000a\000n\000d\000\040\000L\000i\000m\000i\000t\000a\000t\000i\000o\000n\000s}{chapter.3}% 43
\BOOKMARK [1][-]{section.3.7}{\376\377\000C\000o\000n\000c\000l\000u\000s\000i\000o\000n}{chapter.3}% 44
\BOOKMARK [0][-]{chapter.4}{\376\377\000G\000r\000a\000p\000h\000-\000C\000o\000n\000d\000i\000t\000i\000o\000n\000e\000d\000\040\000D\000i\000f\000f\000u\000s\000i\000o\000n\000\040\000G\000e\000n\000e\000r\000a\000t\000o\000r}{}% 45
\BOOKMARK [1][-]{section.4.1}{\376\377\000C\000h\000a\000p\000t\000e\000r\000\040\000I\000n\000t\000r\000o\000d\000u\000c\000t\000i\000o\000n\000\040\000a\000n\000d\000\040\000D\000e\000s\000i\000g\000n\000\040\000R\000a\000t\000i\000o\000n\000a\000l\000e}{chapter.4}% 46
\BOOKMARK [1][-]{section.4.2}{\376\377\000M\000e\000t\000h\000o\000d\000\040\000O\000v\000e\000r\000v\000i\000e\000w\000\040\000a\000n\000d\000\040\000R\000e\000p\000r\000e\000s\000e\000n\000t\000a\000t\000i\000o\000n\000s}{chapter.4}% 47
\BOOKMARK [2][-]{subsection.4.2.1}{\376\377\000N\000o\000d\000e\000-\000L\000e\000v\000e\000l\000\040\000F\000e\000a\000t\000u\000r\000e\000\040\000R\000e\000p\000r\000e\000s\000e\000n\000t\000a\000t\000i\000o\000n\000\040\000a\000n\000d\000\040\000G\000r\000a\000p\000h\000-\000L\000e\000v\000e\000l\000\040\000C\000o\000n\000d\000i\000t\000i\000o\000n\000s}{section.4.2}% 48
\BOOKMARK [1][-]{section.4.3}{\376\377\000F\000o\000r\000w\000a\000r\000d\000\040\000D\000i\000f\000f\000u\000s\000i\000o\000n\000\040\000a\000n\000d\000\040\000C\000o\000r\000r\000u\000p\000t\000i\000o\000n\000\040\000P\000r\000o\000c\000e\000s\000s}{chapter.4}% 49
\BOOKMARK [1][-]{section.4.4}{\376\377\000C\000o\000n\000d\000i\000t\000i\000o\000n\000a\000l\000\040\000D\000e\000n\000o\000i\000s\000i\000n\000g\000\040\000A\000r\000c\000h\000i\000t\000e\000c\000t\000u\000r\000e}{chapter.4}% 50
\BOOKMARK [2][-]{subsection.4.4.1}{\376\377\000J\000o\000i\000n\000t\000\040\000E\000d\000g\000e\000\040\000S\000t\000a\000t\000e}{section.4.4}% 51
\BOOKMARK [2][-]{subsection.4.4.2}{\376\377\000O\000p\000t\000i\000o\000n\000a\000l\000\040\000D\000y\000n\000a\000m\000i\000c\000\040\000M\000o\000l\000e\000c\000u\000l\000a\000r\000\040\000F\000e\000a\000t\000u\000r\000e\000s}{section.4.4}% 52
\BOOKMARK [1][-]{section.4.5}{\376\377\000T\000r\000a\000i\000n\000i\000n\000g\000\040\000O\000b\000j\000e\000c\000t\000i\000v\000e}{chapter.4}% 53
\BOOKMARK [1][-]{section.4.6}{\376\377\000R\000e\000v\000e\000r\000s\000e\000\040\000D\000i\000f\000f\000u\000s\000i\000o\000n\000\040\000a\000n\000d\000\040\000S\000a\000m\000p\000l\000i\000n\000g\000\040\000P\000r\000o\000c\000e\000s\000s}{chapter.4}% 54
\BOOKMARK [1][-]{section.4.7}{\376\377\000C\000o\000n\000d\000i\000t\000i\000o\000n\000-\000A\000d\000a\000p\000t\000i\000v\000e\000\040\000S\000t\000r\000u\000c\000t\000u\000r\000a\000l\000\040\000C\000o\000n\000t\000r\000o\000l\000s}{chapter.4}% 55
\BOOKMARK [1][-]{section.4.8}{\376\377\000C\000o\000n\000s\000t\000r\000a\000i\000n\000t\000-\000A\000w\000a\000r\000e\000\040\000G\000r\000a\000p\000h\000\040\000D\000e\000c\000o\000d\000i\000n\000g}{chapter.4}% 56
\BOOKMARK [1][-]{section.4.9}{\376\377\000R\000e\000l\000a\000t\000i\000o\000n\000\040\000t\000o\000\040\000G\000r\000a\000p\000h\000\040\000D\000i\000f\000f\000u\000s\000i\000o\000n\000\040\000a\000n\000d\000\040\000B\000a\000s\000e\000l\000i\000n\000e\000\040\000G\000e\000n\000e\000r\000a\000t\000o\000r\000s}{chapter.4}% 57
\BOOKMARK [1][-]{section.4.10}{\376\377\000E\000x\000p\000e\000r\000i\000m\000e\000n\000t\000a\000l\000\040\000E\000v\000a\000l\000u\000a\000t\000i\000o\000n}{chapter.4}% 58
\BOOKMARK [2][-]{subsection.4.10.1}{\376\377\000S\000y\000n\000t\000h\000e\000t\000i\000c\000\040\000C\000o\000n\000s\000t\000r\000a\000i\000n\000t\000-\000C\000o\000n\000t\000r\000o\000l\000l\000e\000d\000\040\000G\000r\000a\000p\000h\000s}{section.4.10}% 59
\BOOKMARK [2][-]{subsection.4.10.2}{\376\377\000M\000o\000l\000e\000c\000u\000l\000a\000r\000\040\000C\000o\000n\000d\000i\000t\000i\000o\000n\000a\000l\000\040\000G\000e\000n\000e\000r\000a\000t\000i\000o\000n}{section.4.10}% 60
\BOOKMARK [2][-]{subsection.4.10.3}{\376\377\000S\000y\000n\000t\000h\000e\000t\000i\000c\000\040\000A\000b\000l\000a\000t\000i\000o\000n\000s}{section.4.10}% 61
\BOOKMARK [1][-]{section.4.11}{\376\377\000L\000i\000m\000i\000t\000a\000t\000i\000o\000n\000s}{chapter.4}% 62
\BOOKMARK [1][-]{section.4.12}{\376\377\000S\000u\000m\000m\000a\000r\000y}{chapter.4}% 63
\BOOKMARK [0][-]{chapter.5}{\376\377\000R\000a\000n\000k\000G\000e\000n\000:\000\040\000D\000i\000a\000g\000n\000o\000s\000t\000i\000c\000\040\000E\000v\000a\000l\000u\000a\000t\000i\000o\000n\000\040\000o\000f\000\040\000G\000e\000n\000e\000r\000a\000t\000i\000v\000e\000\040\000M\000o\000d\000e\000l\000s}{}% 64
\BOOKMARK [1][-]{section.5.1}{\376\377\000I\000n\000t\000r\000o\000d\000u\000c\000t\000i\000o\000n\000\040\000a\000n\000d\000\040\000M\000o\000t\000i\000v\000a\000t\000i\000o\000n}{chapter.5}% 65
\BOOKMARK [1][-]{section.5.2}{\376\377\000L\000i\000m\000i\000t\000a\000t\000i\000o\000n\000s\000\040\000o\000f\000\040\000E\000x\000i\000s\000t\000i\000n\000g\000\040\000E\000v\000a\000l\000u\000a\000t\000i\000o\000n\000\040\000A\000p\000p\000r\000o\000a\000c\000h\000e\000s}{chapter.5}% 66
\BOOKMARK [1][-]{section.5.3}{\376\377\000R\000a\000n\000k\000G\000e\000n\000\040\000C\000o\000n\000t\000r\000i\000b\000u\000t\000i\000o\000n\000\040\000a\000n\000d\000\040\000C\000h\000a\000p\000t\000e\000r\000\040\000S\000t\000r\000u\000c\000t\000u\000r\000e}{chapter.5}% 67
\BOOKMARK [1][-]{section.5.4}{\376\377\000E\000v\000a\000l\000u\000a\000t\000i\000o\000n\000\040\000a\000s\000\040\000a\000\040\000L\000e\000a\000r\000n\000i\000n\000g\000\040\000P\000r\000o\000b\000l\000e\000m}{chapter.5}% 68
\BOOKMARK [1][-]{section.5.5}{\376\377\000T\000h\000e\000\040\000M\000e\000t\000h\000o\000d\000:\000\040\000R\000a\000n\000k\000G\000e\000n}{chapter.5}% 69
\BOOKMARK [2][-]{subsection.5.5.1}{\376\377\000D\000a\000t\000a\000\040\000P\000r\000e\000p\000a\000r\000a\000t\000i\000o\000n\000\040\000a\000n\000d\000\040\000S\000a\000m\000p\000l\000i\000n\000g}{section.5.5}% 70
\BOOKMARK [2][-]{subsection.5.5.2}{\376\377\000C\000l\000a\000s\000s\000i\000f\000i\000e\000r\000\040\000P\000e\000r\000f\000o\000r\000m\000a\000n\000c\000e\000\040\000S\000c\000o\000r\000e\000s\000\040\000\050\000r\000h\000o\000\137\000i\000\051}{section.5.5}% 71
\BOOKMARK [2][-]{subsection.5.5.3}{\376\377\000Q\000u\000a\000l\000i\000t\000y\000\040\000M\000e\000t\000r\000i\000c}{section.5.5}% 72
\BOOKMARK [2][-]{subsection.5.5.4}{\376\377\000U\000t\000i\000l\000i\000t\000y\000\040\000M\000e\000t\000r\000i\000c}{section.5.5}% 73
\BOOKMARK [2][-]{subsection.5.5.5}{\376\377\000I\000n\000d\000i\000s\000t\000i\000n\000g\000u\000i\000s\000h\000a\000b\000i\000l\000i\000t\000y\000\040\000M\000e\000t\000r\000i\000c}{section.5.5}% 74
\BOOKMARK [2][-]{subsection.5.5.6}{\376\377\000S\000i\000m\000i\000l\000a\000r\000i\000t\000y\000\040\000M\000e\000t\000r\000i\000c}{section.5.5}% 75
\BOOKMARK [2][-]{subsection.5.5.7}{\376\377\000E\000x\000c\000h\000a\000n\000g\000e\000a\000b\000i\000l\000i\000t\000y\000\040\000M\000e\000t\000r\000i\000c}{section.5.5}% 76
\BOOKMARK [2][-]{subsection.5.5.8}{\376\377\000Q\000u\000a\000n\000t\000i\000l\000e\000-\000B\000a\000s\000e\000d\000\040\000E\000s\000t\000i\000m\000a\000t\000i\000o\000n}{section.5.5}% 77
\BOOKMARK [2][-]{subsection.5.5.9}{\376\377\000R\000a\000n\000k\000i\000n\000g\000\040\000P\000r\000o\000c\000e\000d\000u\000r\000e}{section.5.5}% 78
\BOOKMARK [1][-]{section.5.6}{\376\377\000E\000m\000p\000i\000r\000i\000c\000a\000l\000\040\000E\000v\000a\000l\000u\000a\000t\000i\000o\000n}{chapter.5}% 79
\BOOKMARK [2][-]{subsection.5.6.1}{\376\377\000Q\000u\000a\000n\000t\000i\000l\000e\000\040\000S\000e\000n\000s\000i\000t\000i\000v\000i\000t\000y\000\040\000A\000n\000a\000l\000y\000s\000i\000s\000\040\000o\000n\000\040\000S\000y\000n\000t\000h\000e\000t\000i\000c\000\040\000G\000e\000n\000e\000r\000a\000t\000o\000r\000s}{section.5.6}% 80
\BOOKMARK [2][-]{subsection.5.6.2}{\376\377\000R\000e\000a\000l\000-\000W\000o\000r\000l\000d\000\040\000G\000r\000a\000p\000h\000\040\000D\000a\000t\000a\000s\000e\000t\000s}{section.5.6}% 81
\BOOKMARK [2][-]{subsection.5.6.3}{\376\377\000I\000m\000a\000g\000e\000\040\000B\000e\000n\000c\000h\000m\000a\000r\000k\000s\000:\000\040\000M\000N\000I\000S\000T\000,\000\040\000F\000a\000s\000h\000i\000o\000n\040\023\000M\000N\000I\000S\000T\000,\000\040\000a\000n\000d\000\040\000C\000I\000F\000A\000R\040\023\0001\0000}{section.5.6}% 82
\BOOKMARK [2][-]{subsection.5.6.4}{\376\377\000R\000a\000n\000k\000G\000e\000n\000\040\000a\000n\000d\000\040\000C\000o\000n\000v\000e\000n\000t\000i\000o\000n\000a\000l\000\040\000I\000m\000a\000g\000e\000\040\000M\000e\000t\000r\000i\000c\000s}{section.5.6}% 83
\BOOKMARK [2][-]{subsection.5.6.5}{\376\377\000O\000p\000e\000n\000-\000D\000o\000m\000a\000i\000n\000\040\000T\000e\000x\000t\000\040\000G\000e\000n\000e\000r\000a\000t\000i\000o\000n}{section.5.6}% 84
\BOOKMARK [1][-]{section.5.7}{\376\377\000C\000o\000n\000c\000l\000u\000s\000i\000o\000n}{chapter.5}% 85
\BOOKMARK [0][-]{chapter.6}{\376\377\000S\000u\000m\000m\000a\000r\000y\000\040\000a\000n\000d\000\040\000C\000o\000n\000c\000l\000u\000s\000i\000o\000n}{}% 86
\BOOKMARK [1][-]{section.6.1}{\376\377\000S\000u\000m\000m\000a\000r\000y\000\040\000o\000f\000\040\000C\000o\000n\000t\000r\000i\000b\000u\000t\000i\000o\000n\000s}{chapter.6}% 87
\BOOKMARK [1][-]{section.6.2}{\376\377\000K\000e\000y\000\040\000I\000n\000s\000i\000g\000h\000t\000s\000\040\000a\000n\000d\000\040\000L\000e\000s\000s\000o\000n\000s\000\040\000L\000e\000a\000r\000n\000e\000d}{chapter.6}% 88
\BOOKMARK [1][-]{section.6.3}{\376\377\000L\000i\000m\000i\000t\000a\000t\000i\000o\000n\000s}{chapter.6}% 89
\BOOKMARK [1][-]{section.6.4}{\376\377\000F\000u\000t\000u\000r\000e\000\040\000R\000e\000s\000e\000a\000r\000c\000h\000\040\000D\000i\000r\000e\000c\000t\000i\000o\000n\000s}{chapter.6}% 90
\BOOKMARK [1][-]{section.6.5}{\376\377\000C\000l\000o\000s\000i\000n\000g\000\040\000R\000e\000m\000a\000r\000k\000s}{chapter.6}% 91
\BOOKMARK [0][-]{appendix.A}{\376\377\000S\000u\000p\000p\000l\000e\000m\000e\000n\000t\000a\000r\000y\000\040\000M\000a\000t\000e\000r\000i\000a\000l\000\040\000f\000o\000r\000\040\000C\000h\000a\000p\000t\000e\000r\000\040\0003\000:\000\040\000N\000S\000P\000P\000K}{}% 92
\BOOKMARK [1][-]{section.A.1}{\376\377\000C\000o\000m\000p\000u\000t\000a\000t\000i\000o\000n\000a\000l\000\040\000a\000n\000d\000\040\000S\000p\000a\000c\000e\000\040\000C\000o\000m\000p\000l\000e\000x\000i\000t\000y\000\040\000A\000n\000a\000l\000y\000s\000i\000s}{appendix.A}% 93
\BOOKMARK [2][-]{subsection.A.1.1}{\376\377\000N\000o\000t\000a\000t\000i\000o\000n\000\040\000R\000e\000c\000a\000p}{section.A.1}% 94
\BOOKMARK [2][-]{subsection.A.1.2}{\376\377\000F\000e\000a\000t\000u\000r\000e\000\040\000E\000x\000t\000r\000a\000c\000t\000i\000o\000n\000\040\000T\000i\000m\000e\000\040\000C\000o\000m\000p\000l\000e\000x\000i\000t\000y}{section.A.1}% 95
\BOOKMARK [2][-]{subsection.A.1.3}{\376\377\000N\000e\000i\000g\000h\000b\000o\000u\000r\000h\000o\000o\000d\000\040\000h\000a\000s\000h\000i\000n\000g\000\040\000\050\000r\000a\000d\000i\000u\000s\000\040\000R\000\051}{section.A.1}% 96
\BOOKMARK [2][-]{subsection.A.1.4}{\376\377\000P\000a\000i\000r\000w\000i\000s\000e\000\040\000e\000n\000u\000m\000e\000r\000a\000t\000i\000o\000n\000\040\000u\000p\000\040\000t\000o\000\040\000d\000i\000s\000t\000a\000n\000c\000e\000\040\000D}{section.A.1}% 97
\BOOKMARK [2][-]{subsection.A.1.5}{\376\377\000T\000o\000t\000a\000l\000\040\000f\000e\000a\000t\000u\000r\000e\000\040\000e\000x\000t\000r\000a\000c\000t\000i\000o\000n\000\040\000c\000o\000s\000t}{section.A.1}% 98
\BOOKMARK [2][-]{subsection.A.1.6}{\376\377\000A\000t\000t\000r\000i\000b\000u\000t\000e\000\040\000I\000n\000t\000e\000g\000r\000a\000t\000i\000o\000n\000\040\000C\000o\000s\000t}{section.A.1}% 99
\BOOKMARK [2][-]{subsection.A.1.7}{\376\377\000K\000e\000r\000n\000e\000l\000\040\000E\000v\000a\000l\000u\000a\000t\000i\000o\000n\000\040\000C\000o\000m\000p\000l\000e\000x\000i\000t\000y}{section.A.1}% 100
\BOOKMARK [2][-]{subsection.A.1.8}{\376\377\000S\000p\000a\000c\000e\000\040\000C\000o\000m\000p\000l\000e\000x\000i\000t\000y}{section.A.1}% 101
\BOOKMARK [2][-]{subsection.A.1.9}{\376\377\000S\000u\000m\000m\000a\000r\000y}{section.A.1}% 102
\BOOKMARK [1][-]{section.A.2}{\376\377\000D\000a\000t\000a\000s\000e\000t\000s}{appendix.A}% 103
\BOOKMARK [1][-]{section.A.3}{\376\377\000H\000y\000p\000e\000r\000p\000a\000r\000a\000m\000e\000t\000e\000r\000s\000\040\000u\000s\000e\000d\000\040\000f\000o\000r\000\040\000m\000o\000d\000e\000l\000\040\000s\000e\000l\000e\000c\000t\000i\000o\000n\000\040\000i\000n\000\040\000t\000h\000e\000\040\000g\000r\000a\000p\000h\000\040\000c\000l\000a\000s\000s\000i\000f\000i\000c\000a\000t\000i\000o\000n\000\040\000t\000a\000s\000k}{appendix.A}% 104
\BOOKMARK [1][-]{section.A.4}{\376\377\000R\000o\000b\000u\000s\000t\000n\000e\000s\000s\000\040\000S\000t\000u\000d\000y\000\040\000H\000y\000p\000e\000r\000p\000a\000r\000a\000m\000e\000t\000e\000r\000s}{appendix.A}% 105
\BOOKMARK [1][-]{section.A.5}{\376\377\000L\000a\000r\000g\000e\000\040\000s\000c\000a\000l\000e\000\040\000e\000m\000b\000e\000d\000d\000i\000n\000g\000\040\000e\000x\000p\000e\000r\000i\000m\000e\000n\000t\000:\000\040\000Q\000M\0009}{appendix.A}% 106
\BOOKMARK [1][-]{section.A.6}{\376\377\000A\000d\000d\000i\000t\000i\000o\000n\000a\000l\000\040\000E\000x\000p\000e\000r\000i\000m\000e\000n\000t\000s\000\040\000o\000n\000\040\000C\000i\000t\000a\000t\000i\000o\000n\000\040\000N\000e\000t\000w\000o\000r\000k\000s}{appendix.A}% 107
\BOOKMARK [1][-]{section.A.7}{\376\377\000L\000a\000r\000g\000e\000-\000S\000c\000a\000l\000e\000\040\000E\000x\000p\000e\000r\000i\000m\000e\000n\000t\000:\000\040\000M\000o\000l\000P\000C\000B\000A\000\040\000L\000e\000a\000r\000n\000i\000n\000g\000\040\000C\000u\000r\000v\000e\000s\000\040\000a\000n\000d\000\040\000E\000f\000f\000i\000c\000i\000e\000n\000c\000y}{appendix.A}% 108
\BOOKMARK [1][-]{section.A.8}{\376\377\000C\000a\000s\000e\000\040\000S\000t\000u\000d\000y\000:\000\040\000T\000a\000r\000g\000e\000t\000\040\0009\0005\000\040\000f\000r\000o\000m\000\040\000o\000g\000b\000g\000-\000m\000o\000l\000p\000c\000b\000a}{appendix.A}% 109
\BOOKMARK [1][-]{section.A.9}{\376\377\000I\000m\000p\000l\000e\000m\000e\000n\000t\000a\000t\000i\000o\000n\000\040\000D\000e\000t\000a\000i\000l\000s\000\040\000f\000o\000r\000\040\000T\000a\000s\000k\000\040\0009\0005\000\040\000E\000x\000p\000e\000r\000i\000m\000e\000n\000t\000s}{appendix.A}% 110
\BOOKMARK [1][-]{section.A.10}{\376\377\000F\000u\000r\000t\000h\000e\000r\000\040\000V\000i\000s\000u\000a\000l\000i\000z\000a\000t\000i\000o\000n\000:\000\040\000A\000c\000c\000u\000r\000a\000c\000y\040\023\000T\000i\000m\000e\000\040\000T\000r\000a\000d\000e\000-\000o\000f\000f}{appendix.A}% 111
\BOOKMARK [1][-]{section.A.11}{\376\377\000A\000d\000d\000i\000t\000i\000o\000n\000a\000l\000\040\000R\000e\000s\000u\000l\000t\000s\000\040\000i\000n\000\040\000t\000h\000e\000\040\000N\000o\000-\000A\000t\000t\000r\000i\000b\000u\000t\000e\000\040\000S\000e\000t\000t\000i\000n\000g}{appendix.A}% 112
\BOOKMARK [1][-]{section.A.12}{\376\377\000A\000d\000d\000i\000t\000i\000o\000n\000a\000l\000\040\000R\000u\000n\000t\000i\000m\000e\000\040\000R\000e\000s\000u\000l\000t\000s\000\040\000i\000n\000\040\000t\000h\000e\000\040\000N\000o\000-\000A\000t\000t\000r\000i\000b\000u\000t\000e\000\040\000S\000e\000t\000t\000i\000n\000g}{appendix.A}% 113
\BOOKMARK [0][-]{appendix.B}{\376\377\000G\000e\000n\000e\000r\000a\000t\000o\000r\000\040\000P\000a\000r\000a\000m\000e\000t\000e\000r\000\040\000D\000e\000t\000a\000i\000l\000s}{}% 114
\BOOKMARK [1][-]{section.B.1}{\376\377\000R\000e\000p\000r\000e\000s\000e\000n\000t\000a\000t\000i\000o\000n\000\040\000a\000n\000d\000\040\000C\000o\000n\000d\000i\000t\000i\000o\000n\000i\000n\000g}{appendix.B}% 115
\BOOKMARK [1][-]{section.B.2}{\376\377\000D\000e\000n\000o\000i\000s\000i\000n\000g\000\040\000a\000n\000d\000\040\000S\000u\000p\000e\000r\000v\000i\000s\000e\000d\000\040\000O\000b\000j\000e\000c\000t\000i\000v\000e\000s}{appendix.B}% 116
\BOOKMARK [1][-]{section.B.3}{\376\377\000P\000a\000i\000r\000w\000i\000s\000e\000\040\000P\000r\000e\000d\000i\000c\000t\000i\000o\000n\000\040\000a\000n\000d\000\040\000G\000r\000a\000p\000h\000\040\000D\000e\000c\000o\000d\000i\000n\000g}{appendix.B}% 117
\BOOKMARK [1][-]{section.B.4}{\376\377\000C\000o\000n\000d\000i\000t\000i\000o\000n\000-\000A\000d\000a\000p\000t\000i\000v\000e\000\040\000S\000t\000r\000u\000c\000t\000u\000r\000a\000l\000\040\000C\000o\000n\000t\000r\000o\000l\000s}{appendix.B}% 118
\BOOKMARK [1][-]{section.B.5}{\376\377\000J\000o\000i\000n\000t\000\040\000E\000d\000g\000e\000\040\000S\000t\000a\000t\000e}{appendix.B}% 119
\BOOKMARK [1][-]{section.B.6}{\376\377\000M\000o\000l\000e\000c\000u\000l\000a\000r\000\040\000E\000x\000t\000e\000n\000s\000i\000o\000n\000s}{appendix.B}% 120
\BOOKMARK [1][-]{section.B.7}{\376\377\000S\000y\000n\000t\000h\000e\000t\000i\000c\000\040\000C\000y\000c\000l\000e\040\023\000L\000e\000g\000\040\000E\000x\000p\000e\000r\000i\000m\000e\000n\000t\000\040\000S\000e\000t\000t\000i\000n\000g\000s}{appendix.B}% 121
\BOOKMARK [1][-]{section.B.8}{\376\377\000Q\000M\0009\000\040\000M\000o\000l\000e\000c\000u\000l\000a\000r\000\040\000G\000e\000n\000e\000r\000a\000t\000i\000o\000n\000\040\000E\000x\000p\000e\000r\000i\000m\000e\000n\000t\000\040\000S\000e\000t\000t\000i\000n\000g\000s}{appendix.B}% 122
\BOOKMARK [0][-]{appendix.C}{\376\377\000S\000u\000p\000p\000l\000e\000m\000e\000n\000t\000a\000r\000y\000\040\000M\000a\000t\000e\000r\000i\000a\000l\000\040\000f\000o\000r\000\040\000C\000h\000a\000p\000t\000e\000r\000\040\0005\000:\000\040\000R\000a\000n\000k\000G\000e\000n}{}% 123
\BOOKMARK [1][-]{section.C.1}{\376\377\000N\000o\000t\000a\000t\000i\000o\000n\000\040\000a\000n\000d\000\040\000F\000o\000r\000m\000a\000l\000\040\000M\000e\000t\000r\000i\000c\000\040\000D\000e\000f\000i\000n\000i\000t\000i\000o\000n\000s}{appendix.C}% 124
\BOOKMARK [2][-]{subsection.C.1.1}{\376\377\000F\000o\000r\000m\000a\000l\000\040\000M\000e\000t\000r\000i\000c\000\040\000D\000e\000f\000i\000n\000i\000t\000i\000o\000n\000s}{section.C.1}% 125
\BOOKMARK [1][-]{section.C.2}{\376\377\000P\000A\000C\000\040\000A\000s\000s\000u\000m\000p\000t\000i\000o\000n\000s\000\040\000a\000n\000d\000\040\000B\000o\000u\000n\000d\000\040\000I\000n\000g\000r\000e\000d\000i\000e\000n\000t\000s}{appendix.C}% 126
\BOOKMARK [2][-]{subsection.C.2.1}{\376\377\000B\000o\000u\000n\000d\000\040\000I\000n\000g\000r\000e\000d\000i\000e\000n\000t\000s\000\040\000a\000n\000d\000\040\000A\000s\000s\000u\000m\000p\000t\000i\000o\000n\000s}{section.C.2}% 127
\BOOKMARK [2][-]{subsection.C.2.2}{\376\377\000P\000r\000a\000c\000t\000i\000c\000a\000l\000\040\000C\000a\000p\000a\000c\000i\000t\000y\000\040\000C\000h\000o\000i\000c\000e\000s\000\040\000f\000o\000r\000\040\000t\000h\000e\000\040\000P\000A\000C\000\040\000B\000o\000u\000n\000d\000s}{section.C.2}% 128
\BOOKMARK [1][-]{section.C.3}{\376\377\000Q\000u\000a\000l\000i\000t\000y\000\040\000B\000o\000u\000n\000d}{appendix.C}% 129
\BOOKMARK [1][-]{section.C.4}{\376\377\000U\000t\000i\000l\000i\000t\000y\000\040\000B\000o\000u\000n\000d}{appendix.C}% 130
\BOOKMARK [1][-]{section.C.5}{\376\377\000I\000n\000d\000i\000s\000t\000i\000n\000g\000u\000i\000s\000h\000a\000b\000i\000l\000i\000t\000y\000\040\000B\000o\000u\000n\000d}{appendix.C}% 131
\BOOKMARK [1][-]{section.C.6}{\376\377\000S\000i\000m\000i\000l\000a\000r\000i\000t\000y\000\040\000B\000o\000u\000n\000d}{appendix.C}% 132
\BOOKMARK [2][-]{subsection.C.6.1}{\376\377\000P\000r\000o\000b\000l\000e\000m\000\040\000D\000e\000f\000i\000n\000i\000t\000i\000o\000n}{section.C.6}% 133
\BOOKMARK [2][-]{subsection.C.6.2}{\376\377\000S\000i\000m\000i\000l\000a\000r\000i\000t\000y\000\040\000C\000o\000m\000p\000u\000t\000a\000t\000i\000o\000n}{section.C.6}% 134
\BOOKMARK [2][-]{subsection.C.6.3}{\376\377\000D\000e\000r\000i\000v\000a\000t\000i\000o\000n\000\040\000o\000f\000\040\000t\000h\000e\000\040\000S\000i\000m\000i\000l\000a\000r\000i\000t\000y\000\040\000B\000o\000u\000n\000d}{section.C.6}% 135
\BOOKMARK [1][-]{section.C.7}{\376\377\000E\000x\000c\000h\000a\000n\000g\000e\000a\000b\000i\000l\000i\000t\000y\000\040\000B\000o\000u\000n\000d}{appendix.C}% 136
\BOOKMARK [1][-]{section.C.8}{\376\377\000D\000e\000f\000a\000u\000l\000t\000\040\000T\000a\000s\000k\000\040\000C\000l\000a\000s\000s\000i\000f\000i\000e\000r\000s}{appendix.C}% 137
\BOOKMARK [1][-]{section.C.9}{\376\377\000P\000e\000r\000t\000u\000r\000b\000a\000t\000i\000o\000n\000\040\000T\000e\000c\000h\000n\000i\000q\000u\000e\000s\000\040\000A\000p\000p\000l\000i\000e\000d\000\040\000t\000o\000\040\000t\000h\000e\000\040\000S\000y\000n\000t\000h\000e\000t\000i\000c\000a\000l\000l\000y\000\040\000G\000e\000n\000e\000r\000a\000t\000e\000d\000\040\000D\000a\000t\000a\000s\000e\000t}{appendix.C}% 138
\BOOKMARK [1][-]{section.C.10}{\376\377\000C\000l\000a\000s\000s\000i\000f\000i\000e\000r\000s\000,\000\040\000D\000a\000t\000a\000s\000e\000t\000\040\000S\000i\000z\000e\000s\000,\000\040\000a\000n\000d\000\040\000S\000c\000o\000r\000e\000r\000s\000\040\000U\000s\000e\000d\000\040\000i\000n\000\040\000t\000h\000e\000\040\000s\000y\000n\000t\000h\000e\000t\000i\000c\000\040\000E\000x\000p\000e\000r\000i\000m\000e\000n\000t\000s}{appendix.C}% 139
\BOOKMARK [1][-]{section.C.11}{\376\377\000E\000x\000p\000e\000r\000i\000m\000e\000n\000t\000a\000l\000\040\000S\000e\000t\000u\000p\000\040\000a\000n\000d\000\040\000F\000u\000n\000c\000t\000i\000o\000n\000\040\000P\000a\000r\000a\000m\000e\000t\000e\000r\000s}{appendix.C}% 140
\BOOKMARK [1][-]{section.C.12}{\376\377\000V\000e\000c\000t\000o\000r\000i\000z\000e\000r\000s\000\040\000U\000s\000e\000d\000\040\000i\000n\000\040\000t\000h\000e\000\040\000G\000r\000a\000p\000h\000\040\000D\000a\000t\000a\000\040\000E\000x\000p\000e\000r\000i\000m\000e\000n\000t\000s}{appendix.C}% 141
\BOOKMARK [1][-]{section.C.13}{\376\377\000D\000a\000t\000a\000s\000e\000t\000s}{appendix.C}% 142
\BOOKMARK [1][-]{section.C.14}{\376\377\000M\000o\000l\000e\000c\000u\000l\000a\000r\000\040\000D\000a\000t\000a\000s\000e\000t\000s}{appendix.C}% 143
\BOOKMARK [1][-]{section.C.15}{\376\377\000S\000Y\000N\000T\000H\000E\000T\000I\000C\000\040\000D\000a\000t\000a\000s\000e\000t}{appendix.C}% 144
\BOOKMARK [1][-]{section.C.16}{\376\377\000I\000m\000a\000g\000e\000\040\000D\000a\000t\000a\000s\000e\000t\000s}{appendix.C}% 145
\BOOKMARK [1][-]{section.C.17}{\376\377\000G\000e\000n\000e\000r\000a\000t\000o\000r\000s\000\040\000U\000s\000e\000d}{appendix.C}% 146
\BOOKMARK [1][-]{section.C.18}{\376\377\000M\000o\000l\000e\000c\000u\000l\000a\000r\000\050\000g\000r\000a\000p\000h\000\051\000\040\000d\000a\000t\000a\000\040\000g\000e\000n\000e\000r\000a\000t\000i\000o\000n}{appendix.C}% 147
\BOOKMARK [2][-]{subsection.C.18.1}{\376\377\000H\000y\000p\000e\000r\000p\000a\000r\000a\000m\000e\000t\000e\000r\000s\000\040\000f\000o\000r\000\040\000m\000o\000l\000e\000c\000u\000l\000a\000r\000\040\000g\000r\000a\000p\000h\000\040\000g\000e\000n\000e\000r\000a\000t\000o\000r\000s}{section.C.18}% 148
