cocogrape_gdss_labels_default_42_seed42
----------------------------------------------------------------------------------------------------
[cocogrape_gdss_labels_default_42]   init=label (7)   seed=42   batch_size=32
----------------------------------------------------------------------------------------------------
lr=0.01 schedule=True ema=0.999 epochs=300 reduce=False eps=1e-05
(ScoreNetworkX)+(ScoreNetworkA=GCN,4)   : depth=3 adim=32 nhid=32 layers=5 linears=2 c=(2 8 4)
(x:VP)=(0.10, 1.00) N=1000 (adj:VP)=(0.10, 1.00) N=1000
----------------------------------------------------------------------------------------------------
001 | 135.02s | test x: 1.115e+01 | test adj: 1.076e+01 | train x: 1.346e+01 | train adj: 1.784e+01 | 
002 | 134.87s | test x: 9.599e+00 | test adj: 1.061e+01 | train x: 1.060e+01 | train adj: 1.197e+01 | 
003 | 134.89s | test x: 8.737e+00 | test adj: 1.023e+01 | train x: 9.764e+00 | train adj: 1.124e+01 | 
004 | 134.81s | test x: 8.380e+00 | test adj: 9.461e+00 | train x: 9.418e+00 | train adj: 1.092e+01 | 
005 | 134.84s | test x: 7.873e+00 | test adj: 1.132e+01 | train x: 8.934e+00 | train adj: 1.145e+01 | 
006 | 134.82s | test x: 7.571e+00 | test adj: 1.010e+01 | train x: 8.743e+00 | train adj: 1.132e+01 | 
007 | 134.79s | test x: 7.568e+00 | test adj: 1.032e+01 | train x: 8.394e+00 | train adj: 1.058e+01 | 
008 | 134.76s | test x: 7.392e+00 | test adj: 9.235e+00 | train x: 8.192e+00 | train adj: 1.053e+01 | 
009 | 134.85s | test x: 7.308e+00 | test adj: 9.649e+00 | train x: 7.964e+00 | train adj: 1.015e+01 | 
010 | 131.42s | test x: 7.754e+00 | test adj: 9.169e+00 | train x: 7.716e+00 | train adj: 9.901e+00 | 
011 | 115.06s | test x: 6.989e+00 | test adj: 8.788e+00 | train x: 7.597e+00 | train adj: 9.858e+00 | 
012 | 134.75s | test x: 7.155e+00 | test adj: 8.408e+00 | train x: 7.521e+00 | train adj: 9.913e+00 | 
013 | 134.80s | test x: 7.025e+00 | test adj: 8.832e+00 | train x: 7.413e+00 | train adj: 9.889e+00 | 
014 | 134.80s | test x: 6.729e+00 | test adj: 8.872e+00 | train x: 7.323e+00 | train adj: 9.834e+00 | 
015 | 134.80s | test x: 6.706e+00 | test adj: 8.944e+00 | train x: 7.224e+00 | train adj: 9.893e+00 | 
016 | 134.74s | test x: 6.762e+00 | test adj: 9.225e+00 | train x: 7.122e+00 | train adj: 1.047e+01 | 
017 | 134.90s | test x: 6.769e+00 | test adj: 8.944e+00 | train x: 6.977e+00 | train adj: 1.024e+01 | 
018 | 134.91s | test x: 6.269e+00 | test adj: 9.571e+00 | train x: 6.980e+00 | train adj: 9.839e+00 | 
019 | 134.88s | test x: 6.458e+00 | test adj: 8.495e+00 | train x: 6.873e+00 | train adj: 9.954e+00 | 
020 | 134.89s | test x: 6.174e+00 | test adj: 8.710e+00 | train x: 6.892e+00 | train adj: 9.833e+00 | 
021 | 134.79s | test x: 6.472e+00 | test adj: 8.539e+00 | train x: 6.860e+00 | train adj: 9.712e+00 | 
022 | 134.78s | test x: 6.453e+00 | test adj: 9.180e+00 | train x: 6.881e+00 | train adj: 9.704e+00 | 
023 | 134.86s | test x: 6.080e+00 | test adj: 9.439e+00 | train x: 6.855e+00 | train adj: 9.723e+00 | 
024 | 134.84s | test x: 6.502e+00 | test adj: 8.541e+00 | train x: 6.812e+00 | train adj: 9.649e+00 | 
025 | 134.83s | test x: 6.273e+00 | test adj: 8.807e+00 | train x: 6.749e+00 | train adj: 9.344e+00 | 
026 | 134.80s | test x: 6.393e+00 | test adj: 8.773e+00 | train x: 6.770e+00 | train adj: 9.441e+00 | 
027 | 134.86s | test x: 7.047e+00 | test adj: 9.730e+00 | train x: 6.682e+00 | train adj: 9.654e+00 | 
028 | 134.77s | test x: 6.019e+00 | test adj: 8.294e+00 | train x: 6.740e+00 | train adj: 1.037e+01 | 
029 | 121.55s | test x: 6.018e+00 | test adj: 9.085e+00 | train x: 6.661e+00 | train adj: 1.013e+01 | 
030 | 121.29s | test x: 6.150e+00 | test adj: 8.776e+00 | train x: 6.631e+00 | train adj: 1.004e+01 | 
031 | 134.79s | test x: 6.608e+00 | test adj: 8.607e+00 | train x: 6.713e+00 | train adj: 9.488e+00 | 
032 | 134.74s | test x: 6.372e+00 | test adj: 8.353e+00 | train x: 6.657e+00 | train adj: 9.562e+00 | 
033 | 134.87s | test x: 6.037e+00 | test adj: 9.091e+00 | train x: 6.709e+00 | train adj: 9.517e+00 | 
034 | 134.94s | test x: 6.334e+00 | test adj: 9.501e+00 | train x: 6.611e+00 | train adj: 9.271e+00 | 
035 | 134.85s | test x: 6.013e+00 | test adj: 9.572e+00 | train x: 6.694e+00 | train adj: 9.385e+00 | 
036 | 135.66s | test x: 5.865e+00 | test adj: 7.365e+00 | train x: 6.603e+00 | train adj: 9.362e+00 | 
037 | 134.91s | test x: 5.929e+00 | test adj: 8.848e+00 | train x: 6.613e+00 | train adj: 9.271e+00 | 
038 | 134.86s | test x: 5.614e+00 | test adj: 7.633e+00 | train x: 6.609e+00 | train adj: 9.717e+00 | 
039 | 134.76s | test x: 6.075e+00 | test adj: 8.482e+00 | train x: 6.598e+00 | train adj: 1.092e+01 | 
040 | 134.87s | test x: 5.886e+00 | test adj: 8.907e+00 | train x: 6.580e+00 | train adj: 1.010e+01 | 
041 | 134.94s | test x: 6.125e+00 | test adj: 1.048e+01 | train x: 6.597e+00 | train adj: 1.099e+01 | 
042 | 134.88s | test x: 6.011e+00 | test adj: 8.949e+00 | train x: 6.549e+00 | train adj: 1.022e+01 | 
043 | 134.84s | test x: 5.613e+00 | test adj: 9.004e+00 | train x: 6.551e+00 | train adj: 9.966e+00 | 
044 | 134.88s | test x: 6.214e+00 | test adj: 9.266e+00 | train x: 6.582e+00 | train adj: 9.828e+00 | 
045 | 134.93s | test x: 5.603e+00 | test adj: 9.251e+00 | train x: 6.680e+00 | train adj: 9.741e+00 | 
046 | 134.92s | test x: 6.068e+00 | test adj: 9.272e+00 | train x: 6.657e+00 | train adj: 1.001e+01 | 
047 | 134.85s | test x: 5.816e+00 | test adj: 8.994e+00 | train x: 6.625e+00 | train adj: 9.839e+00 | 
048 | 112.84s | test x: 6.057e+00 | test adj: 9.943e+00 | train x: 6.609e+00 | train adj: 1.001e+01 | 
049 | 134.77s | test x: 5.692e+00 | test adj: 8.660e+00 | train x: 6.551e+00 | train adj: 9.703e+00 | 
050 | 134.78s | test x: 5.839e+00 | test adj: 9.637e+00 | train x: 6.558e+00 | train adj: 9.620e+00 | 
051 | 134.80s | test x: 5.628e+00 | test adj: 9.423e+00 | train x: 6.546e+00 | train adj: 9.445e+00 | 
052 | 134.81s | test x: 5.749e+00 | test adj: 9.086e+00 | train x: 6.601e+00 | train adj: 9.402e+00 | 
053 | 130.37s | test x: 5.732e+00 | test adj: 8.865e+00 | train x: 6.610e+00 | train adj: 9.113e+00 | 
054 | 83.73s | test x: 5.271e+00 | test adj: 8.036e+00 | train x: 6.552e+00 | train adj: 9.413e+00 | 
055 | 134.71s | test x: 5.796e+00 | test adj: 8.210e+00 | train x: 6.537e+00 | train adj: 9.530e+00 | 
056 | 134.78s | test x: 6.061e+00 | test adj: 9.022e+00 | train x: 6.507e+00 | train adj: 9.448e+00 | 
057 | 134.76s | test x: 5.791e+00 | test adj: 8.741e+00 | train x: 6.551e+00 | train adj: 9.335e+00 | 
058 | 134.72s | test x: 6.063e+00 | test adj: 8.459e+00 | train x: 6.566e+00 | train adj: 9.454e+00 | 
059 | 134.79s | test x: 5.704e+00 | test adj: 8.418e+00 | train x: 6.564e+00 | train adj: 9.537e+00 | 
060 | 135.59s | test x: 6.355e+00 | test adj: 9.322e+00 | train x: 6.537e+00 | train adj: 9.980e+00 | 
061 | 134.71s | test x: 6.220e+00 | test adj: 8.524e+00 | train x: 6.532e+00 | train adj: 9.739e+00 | 
062 | 134.79s | test x: 6.370e+00 | test adj: 8.640e+00 | train x: 6.520e+00 | train adj: 9.504e+00 | 
063 | 134.70s | test x: 6.137e+00 | test adj: 9.137e+00 | train x: 6.594e+00 | train adj: 9.810e+00 | 
064 | 134.71s | test x: 5.920e+00 | test adj: 1.046e+01 | train x: 6.560e+00 | train adj: 1.173e+01 | 
065 | 134.75s | test x: 5.685e+00 | test adj: 1.132e+01 | train x: 6.591e+00 | train adj: 1.171e+01 | 
066 | 134.76s | test x: 6.138e+00 | test adj: 1.208e+01 | train x: 6.472e+00 | train adj: 1.171e+01 | 
067 | 112.33s | test x: 6.045e+00 | test adj: 1.153e+01 | train x: 6.496e+00 | train adj: 1.172e+01 | 
068 | 134.76s | test x: 5.597e+00 | test adj: 1.098e+01 | train x: 6.499e+00 | train adj: 1.113e+01 | 
069 | 134.91s | test x: 5.693e+00 | test adj: 1.207e+01 | train x: 6.524e+00 | train adj: 1.097e+01 | 
070 | 134.83s | test x: 5.726e+00 | test adj: 1.031e+01 | train x: 6.568e+00 | train adj: 1.057e+01 | 
071 | 134.76s | test x: 5.870e+00 | test adj: 1.037e+01 | train x: 6.446e+00 | train adj: 1.056e+01 | 
072 | 134.82s | test x: 5.773e+00 | test adj: 1.106e+01 | train x: 6.495e+00 | train adj: 1.049e+01 | 
073 | 134.79s | test x: 6.153e+00 | test adj: 1.111e+01 | train x: 6.479e+00 | train adj: 1.024e+01 | 
074 | 134.77s | test x: 5.969e+00 | test adj: 9.635e+00 | train x: 6.489e+00 | train adj: 1.040e+01 | 
075 | 134.81s | test x: 5.757e+00 | test adj: 9.845e+00 | train x: 6.574e+00 | train adj: 1.028e+01 | 
076 | 134.75s | test x: 5.659e+00 | test adj: 9.739e+00 | train x: 6.550e+00 | train adj: 1.025e+01 | 
077 | 134.87s | test x: 5.842e+00 | test adj: 9.483e+00 | train x: 6.528e+00 | train adj: 9.884e+00 | 
078 | 134.88s | test x: 5.983e+00 | test adj: 1.044e+01 | train x: 6.505e+00 | train adj: 1.019e+01 | 
079 | 134.85s | test x: 5.888e+00 | test adj: 8.955e+00 | train x: 6.608e+00 | train adj: 1.024e+01 | 
080 | 134.90s | test x: 5.968e+00 | test adj: 9.467e+00 | train x: 6.468e+00 | train adj: 9.977e+00 | 
081 | 134.84s | test x: 5.946e+00 | test adj: 1.020e+01 | train x: 6.476e+00 | train adj: 9.956e+00 | 
082 | 134.82s | test x: 5.903e+00 | test adj: 9.698e+00 | train x: 6.506e+00 | train adj: 1.007e+01 | 
083 | 134.82s | test x: 6.092e+00 | test adj: 9.427e+00 | train x: 6.547e+00 | train adj: 9.968e+00 | 
084 | 135.57s | test x: 5.806e+00 | test adj: 9.301e+00 | train x: 6.544e+00 | train adj: 1.000e+01 | 
085 | 128.32s | test x: 6.141e+00 | test adj: 9.734e+00 | train x: 6.559e+00 | train adj: 1.005e+01 | 
086 | 119.80s | test x: 5.872e+00 | test adj: 8.957e+00 | train x: 6.601e+00 | train adj: 1.003e+01 | 
087 | 134.92s | test x: 5.692e+00 | test adj: 9.364e+00 | train x: 6.432e+00 | train adj: 9.806e+00 | 
088 | 134.89s | test x: 6.106e+00 | test adj: 8.857e+00 | train x: 6.520e+00 | train adj: 9.849e+00 | 
089 | 134.93s | test x: 6.053e+00 | test adj: 9.618e+00 | train x: 6.480e+00 | train adj: 1.031e+01 | 
090 | 134.88s | test x: 5.637e+00 | test adj: 8.548e+00 | train x: 6.468e+00 | train adj: 1.009e+01 | 
091 | 134.79s | test x: 5.826e+00 | test adj: 9.362e+00 | train x: 6.467e+00 | train adj: 1.005e+01 | 
092 | 134.79s | test x: 5.628e+00 | test adj: 8.550e+00 | train x: 6.445e+00 | train adj: 1.030e+01 | 
093 | 134.84s | test x: 6.352e+00 | test adj: 9.567e+00 | train x: 6.472e+00 | train adj: 1.020e+01 | 
094 | 134.84s | test x: 5.958e+00 | test adj: 1.001e+01 | train x: 6.411e+00 | train adj: 1.035e+01 | 
095 | 134.80s | test x: 5.753e+00 | test adj: 9.492e+00 | train x: 6.481e+00 | train adj: 1.014e+01 | 
096 | 134.77s | test x: 5.399e+00 | test adj: 9.105e+00 | train x: 6.392e+00 | train adj: 1.003e+01 | 
097 | 134.75s | test x: 5.788e+00 | test adj: 9.095e+00 | train x: 6.399e+00 | train adj: 9.976e+00 | 
098 | 134.79s | test x: 5.983e+00 | test adj: 1.055e+01 | train x: 6.476e+00 | train adj: 1.011e+01 | 
099 | 134.80s | test x: 6.535e+00 | test adj: 9.635e+00 | train x: 6.509e+00 | train adj: 9.914e+00 | 
100 | 134.85s | test x: 5.867e+00 | test adj: 9.256e+00 | train x: 6.410e+00 | train adj: 1.019e+01 | 
101 | 134.70s | test x: 5.929e+00 | test adj: 9.517e+00 | train x: 6.410e+00 | train adj: 9.922e+00 | 
102 | 134.90s | test x: 6.367e+00 | test adj: 9.571e+00 | train x: 6.408e+00 | train adj: 1.010e+01 | 
103 | 134.86s | test x: 5.954e+00 | test adj: 9.230e+00 | train x: 6.388e+00 | train adj: 1.000e+01 | 
104 | 118.28s | test x: 6.598e+00 | test adj: 9.555e+00 | train x: 6.524e+00 | train adj: 1.002e+01 | 
105 | 127.57s | test x: 5.762e+00 | test adj: 9.272e+00 | train x: 6.441e+00 | train adj: 9.884e+00 | 
106 | 134.88s | test x: 5.915e+00 | test adj: 9.513e+00 | train x: 6.467e+00 | train adj: 9.734e+00 | 
107 | 134.99s | test x: 5.703e+00 | test adj: 9.012e+00 | train x: 6.383e+00 | train adj: 9.880e+00 | 
108 | 135.70s | test x: 5.858e+00 | test adj: 9.917e+00 | train x: 6.486e+00 | train adj: 9.956e+00 | 
109 | 134.90s | test x: 5.589e+00 | test adj: 1.022e+01 | train x: 6.431e+00 | train adj: 9.763e+00 | 
110 | 134.89s | test x: 5.809e+00 | test adj: 1.056e+01 | train x: 6.513e+00 | train adj: 9.821e+00 | 
111 | 134.93s | test x: 5.827e+00 | test adj: 8.784e+00 | train x: 6.486e+00 | train adj: 9.701e+00 | 
112 | 134.91s | test x: 5.774e+00 | test adj: 9.187e+00 | train x: 6.500e+00 | train adj: 9.869e+00 | 
113 | 134.87s | test x: 5.774e+00 | test adj: 9.086e+00 | train x: 6.441e+00 | train adj: 9.807e+00 | 
114 | 134.90s | test x: 5.760e+00 | test adj: 8.207e+00 | train x: 6.381e+00 | train adj: 9.651e+00 | 
115 | 134.92s | test x: 5.984e+00 | test adj: 9.259e+00 | train x: 6.465e+00 | train adj: 9.747e+00 | 
116 | 134.91s | test x: 5.898e+00 | test adj: 8.915e+00 | train x: 6.415e+00 | train adj: 9.714e+00 | 
117 | 134.93s | test x: 5.445e+00 | test adj: 8.864e+00 | train x: 6.428e+00 | train adj: 9.718e+00 | 
118 | 134.93s | test x: 5.782e+00 | test adj: 8.754e+00 | train x: 6.403e+00 | train adj: 9.599e+00 | 
119 | 134.96s | test x: 6.118e+00 | test adj: 9.299e+00 | train x: 6.378e+00 | train adj: 9.698e+00 | 
120 | 134.88s | test x: 6.029e+00 | test adj: 9.243e+00 | train x: 6.470e+00 | train adj: 9.700e+00 | 
121 | 134.93s | test x: 5.894e+00 | test adj: 9.708e+00 | train x: 6.454e+00 | train adj: 9.729e+00 | 
122 | 130.78s | test x: 5.629e+00 | test adj: 8.578e+00 | train x: 6.443e+00 | train adj: 9.555e+00 | 
123 | 117.17s | test x: 5.680e+00 | test adj: 8.824e+00 | train x: 6.344e+00 | train adj: 9.674e+00 | 
124 | 134.91s | test x: 5.728e+00 | test adj: 8.197e+00 | train x: 6.339e+00 | train adj: 9.554e+00 | 
125 | 134.90s | test x: 6.146e+00 | test adj: 9.649e+00 | train x: 6.453e+00 | train adj: 1.075e+01 | 
126 | 134.98s | test x: 6.045e+00 | test adj: 9.665e+00 | train x: 6.436e+00 | train adj: 1.060e+01 | 
127 | 134.98s | test x: 5.732e+00 | test adj: 9.282e+00 | train x: 6.403e+00 | train adj: 1.036e+01 | 
128 | 134.82s | test x: 5.585e+00 | test adj: 8.801e+00 | train x: 6.404e+00 | train adj: 1.058e+01 | 
129 | 134.83s | test x: 5.817e+00 | test adj: 1.005e+01 | train x: 6.400e+00 | train adj: 1.056e+01 | 
130 | 134.87s | test x: 5.834e+00 | test adj: 9.276e+00 | train x: 6.405e+00 | train adj: 1.010e+01 | 
131 | 134.89s | test x: 5.815e+00 | test adj: 9.164e+00 | train x: 6.430e+00 | train adj: 1.034e+01 | 
132 | 135.67s | test x: 5.678e+00 | test adj: 8.950e+00 | train x: 6.363e+00 | train adj: 1.042e+01 | 
133 | 134.96s | test x: 5.971e+00 | test adj: 9.821e+00 | train x: 6.448e+00 | train adj: 1.008e+01 | 
134 | 134.86s | test x: 5.806e+00 | test adj: 8.944e+00 | train x: 6.429e+00 | train adj: 1.031e+01 | 
135 | 134.88s | test x: 5.986e+00 | test adj: 9.114e+00 | train x: 6.300e+00 | train adj: 1.003e+01 | 
136 | 135.03s | test x: 5.879e+00 | test adj: 9.743e+00 | train x: 6.368e+00 | train adj: 1.007e+01 | 
137 | 134.97s | test x: 6.292e+00 | test adj: 9.813e+00 | train x: 6.479e+00 | train adj: 1.007e+01 | 
138 | 134.96s | test x: 5.510e+00 | test adj: 8.611e+00 | train x: 6.396e+00 | train adj: 9.775e+00 | 
139 | 134.93s | test x: 6.114e+00 | test adj: 9.378e+00 | train x: 6.398e+00 | train adj: 9.960e+00 | 
140 | 134.93s | test x: 5.611e+00 | test adj: 9.005e+00 | train x: 6.351e+00 | train adj: 1.006e+01 | 
141 | 122.36s | test x: 5.307e+00 | test adj: 8.624e+00 | train x: 6.418e+00 | train adj: 9.788e+00 | 
142 | 123.39s | test x: 6.091e+00 | test adj: 9.224e+00 | train x: 6.305e+00 | train adj: 9.721e+00 | 
143 | 134.82s | test x: 5.996e+00 | test adj: 8.767e+00 | train x: 6.422e+00 | train adj: 9.878e+00 | 
144 | 99.20s | test x: 5.912e+00 | test adj: 1.027e+01 | train x: 6.476e+00 | train adj: 9.873e+00 | 
145 | 116.25s | test x: 5.669e+00 | test adj: 9.467e+00 | train x: 6.509e+00 | train adj: 9.826e+00 | 
cocogrape_gdss_labels_default_42_seed42
----------------------------------------------------------------------------------------------------
[cocogrape_gdss_labels_default_42]   init=label (7)   seed=42   batch_size=32
----------------------------------------------------------------------------------------------------
lr=0.01 schedule=True ema=0.999 epochs=300 reduce=False eps=1e-05
(ScoreNetworkX)+(ScoreNetworkA=GCN,4)   : depth=3 adim=32 nhid=32 layers=5 linears=2 c=(2 8 4)
(x:VP)=(0.10, 1.00) N=1000 (adj:VP)=(0.10, 1.00) N=1000
----------------------------------------------------------------------------------------------------
001 | 49.77s | test x: 1.289e+01 | test adj: 1.648e+01 | train x: 1.579e+01 | train adj: 2.201e+01 | 
002 | 46.12s | test x: 1.142e+01 | test adj: 1.292e+01 | train x: 1.293e+01 | train adj: 1.509e+01 | 
003 | 45.12s | test x: 1.105e+01 | test adj: 1.117e+01 | train x: 1.193e+01 | train adj: 1.346e+01 | 
004 | 45.15s | test x: 1.047e+01 | test adj: 1.056e+01 | train x: 1.138e+01 | train adj: 1.251e+01 | 
005 | 45.16s | test x: 9.401e+00 | test adj: 1.144e+01 | train x: 1.070e+01 | train adj: 1.223e+01 | 
006 | 45.19s | test x: 9.544e+00 | test adj: 1.079e+01 | train x: 1.016e+01 | train adj: 1.184e+01 | 
007 | 45.18s | test x: 8.887e+00 | test adj: 9.802e+00 | train x: 9.989e+00 | train adj: 1.132e+01 | 
008 | 45.14s | test x: 8.474e+00 | test adj: 9.574e+00 | train x: 9.781e+00 | train adj: 1.099e+01 | 
009 | 45.15s | test x: 9.820e+00 | test adj: 1.003e+01 | train x: 9.637e+00 | train adj: 1.137e+01 | 
010 | 45.22s | test x: 8.603e+00 | test adj: 1.099e+01 | train x: 9.495e+00 | train adj: 1.171e+01 | 
011 | 45.15s | test x: 8.919e+00 | test adj: 1.008e+01 | train x: 9.414e+00 | train adj: 1.130e+01 | 
012 | 45.15s | test x: 8.302e+00 | test adj: 1.021e+01 | train x: 9.380e+00 | train adj: 1.117e+01 | 
013 | 42.75s | test x: 8.532e+00 | test adj: 9.417e+00 | train x: 9.048e+00 | train adj: 1.076e+01 | 
014 | 37.97s | test x: 8.743e+00 | test adj: 1.005e+01 | train x: 8.959e+00 | train adj: 1.052e+01 | 
015 | 33.98s | test x: 8.714e+00 | test adj: 1.019e+01 | train x: 8.858e+00 | train adj: 1.101e+01 | 
016 | 36.89s | test x: 8.223e+00 | test adj: 1.007e+01 | train x: 8.822e+00 | train adj: 1.122e+01 | 
017 | 45.14s | test x: 8.022e+00 | test adj: 9.200e+00 | train x: 8.602e+00 | train adj: 1.068e+01 | 
018 | 45.15s | test x: 7.895e+00 | test adj: 9.019e+00 | train x: 8.568e+00 | train adj: 1.056e+01 | 
019 | 45.24s | test x: 7.905e+00 | test adj: 9.495e+00 | train x: 8.504e+00 | train adj: 1.026e+01 | 
020 | 45.21s | test x: 6.993e+00 | test adj: 9.073e+00 | train x: 8.297e+00 | train adj: 1.007e+01 | 
021 | 45.19s | test x: 8.129e+00 | test adj: 8.750e+00 | train x: 8.307e+00 | train adj: 1.016e+01 | 
022 | 45.22s | test x: 7.457e+00 | test adj: 8.623e+00 | train x: 8.226e+00 | train adj: 9.945e+00 | 
023 | 45.20s | test x: 6.902e+00 | test adj: 8.793e+00 | train x: 8.357e+00 | train adj: 1.001e+01 | 
024 | 45.14s | test x: 7.002e+00 | test adj: 8.664e+00 | train x: 8.164e+00 | train adj: 1.029e+01 | 
025 | 45.15s | test x: 7.846e+00 | test adj: 9.089e+00 | train x: 8.095e+00 | train adj: 1.010e+01 | 
026 | 45.22s | test x: 7.256e+00 | test adj: 8.640e+00 | train x: 7.953e+00 | train adj: 9.846e+00 | 
027 | 45.21s | test x: 7.238e+00 | test adj: 9.860e+00 | train x: 8.008e+00 | train adj: 9.884e+00 | 
028 | 45.14s | test x: 6.979e+00 | test adj: 8.181e+00 | train x: 7.779e+00 | train adj: 9.934e+00 | 
029 | 45.49s | test x: 7.192e+00 | test adj: 8.844e+00 | train x: 7.811e+00 | train adj: 9.471e+00 | 
030 | 45.21s | test x: 7.620e+00 | test adj: 9.274e+00 | train x: 7.874e+00 | train adj: 9.723e+00 | 
031 | 45.21s | test x: 7.016e+00 | test adj: 9.115e+00 | train x: 7.671e+00 | train adj: 9.578e+00 | 
032 | 45.14s | test x: 6.994e+00 | test adj: 8.411e+00 | train x: 7.831e+00 | train adj: 9.431e+00 | 
033 | 45.21s | test x: 7.663e+00 | test adj: 8.957e+00 | train x: 7.855e+00 | train adj: 9.673e+00 | 
034 | 45.14s | test x: 7.193e+00 | test adj: 8.516e+00 | train x: 7.713e+00 | train adj: 9.506e+00 | 
035 | 45.13s | test x: 7.405e+00 | test adj: 8.291e+00 | train x: 7.812e+00 | train adj: 1.006e+01 | 
036 | 45.21s | test x: 7.319e+00 | test adj: 9.317e+00 | train x: 7.679e+00 | train adj: 9.300e+00 | 
037 | 45.23s | test x: 7.096e+00 | test adj: 8.522e+00 | train x: 7.764e+00 | train adj: 9.448e+00 | 
038 | 45.23s | test x: 6.807e+00 | test adj: 8.384e+00 | train x: 7.568e+00 | train adj: 9.651e+00 | 
039 | 45.12s | test x: 7.039e+00 | test adj: 9.333e+00 | train x: 7.598e+00 | train adj: 9.855e+00 | 
040 | 45.15s | test x: 7.014e+00 | test adj: 8.922e+00 | train x: 7.448e+00 | train adj: 9.672e+00 | 
041 | 45.14s | test x: 7.232e+00 | test adj: 8.989e+00 | train x: 7.551e+00 | train adj: 9.704e+00 | 
042 | 45.20s | test x: 7.372e+00 | test adj: 8.854e+00 | train x: 7.531e+00 | train adj: 9.571e+00 | 
043 | 45.18s | test x: 7.186e+00 | test adj: 8.093e+00 | train x: 7.568e+00 | train adj: 9.504e+00 | 
044 | 45.14s | test x: 6.627e+00 | test adj: 8.523e+00 | train x: 7.469e+00 | train adj: 9.470e+00 | 
045 | 45.22s | test x: 7.036e+00 | test adj: 8.197e+00 | train x: 7.390e+00 | train adj: 9.444e+00 | 
046 | 45.14s | test x: 6.943e+00 | test adj: 8.867e+00 | train x: 7.369e+00 | train adj: 9.328e+00 | 
047 | 45.17s | test x: 6.642e+00 | test adj: 9.139e+00 | train x: 7.340e+00 | train adj: 9.490e+00 | 
048 | 45.15s | test x: 7.120e+00 | test adj: 8.324e+00 | train x: 7.195e+00 | train adj: 9.133e+00 | 
049 | 45.20s | test x: 7.076e+00 | test adj: 8.575e+00 | train x: 7.236e+00 | train adj: 9.108e+00 | 
050 | 45.20s | test x: 6.615e+00 | test adj: 8.335e+00 | train x: 7.293e+00 | train adj: 9.303e+00 | 
051 | 45.16s | test x: 6.861e+00 | test adj: 8.367e+00 | train x: 7.063e+00 | train adj: 9.175e+00 | 
052 | 45.22s | test x: 6.710e+00 | test adj: 8.104e+00 | train x: 7.165e+00 | train adj: 9.341e+00 | 
053 | 45.17s | test x: 6.702e+00 | test adj: 9.133e+00 | train x: 7.170e+00 | train adj: 9.408e+00 | 
054 | 45.16s | test x: 6.611e+00 | test adj: 8.005e+00 | train x: 7.117e+00 | train adj: 9.207e+00 | 
055 | 45.22s | test x: 6.621e+00 | test adj: 9.374e+00 | train x: 7.002e+00 | train adj: 9.968e+00 | 
056 | 45.15s | test x: 6.295e+00 | test adj: 8.063e+00 | train x: 7.027e+00 | train adj: 9.457e+00 | 
057 | 45.22s | test x: 6.922e+00 | test adj: 8.958e+00 | train x: 7.130e+00 | train adj: 9.412e+00 | 
058 | 45.18s | test x: 6.133e+00 | test adj: 7.812e+00 | train x: 7.120e+00 | train adj: 9.201e+00 | 
059 | 45.44s | test x: 6.561e+00 | test adj: 8.272e+00 | train x: 6.988e+00 | train adj: 9.194e+00 | 
060 | 45.16s | test x: 7.096e+00 | test adj: 8.340e+00 | train x: 7.001e+00 | train adj: 9.340e+00 | 
061 | 45.19s | test x: 6.246e+00 | test adj: 8.754e+00 | train x: 7.104e+00 | train adj: 9.345e+00 | 
062 | 45.19s | test x: 6.749e+00 | test adj: 9.032e+00 | train x: 6.877e+00 | train adj: 9.365e+00 | 
063 | 45.20s | test x: 6.741e+00 | test adj: 8.415e+00 | train x: 7.025e+00 | train adj: 9.168e+00 | 
064 | 45.16s | test x: 6.951e+00 | test adj: 8.608e+00 | train x: 7.003e+00 | train adj: 9.182e+00 | 
065 | 45.24s | test x: 5.892e+00 | test adj: 7.480e+00 | train x: 6.718e+00 | train adj: 9.053e+00 | 
066 | 45.13s | test x: 6.792e+00 | test adj: 8.561e+00 | train x: 6.793e+00 | train adj: 9.135e+00 | 
067 | 45.14s | test x: 6.244e+00 | test adj: 8.860e+00 | train x: 6.824e+00 | train adj: 9.182e+00 | 
068 | 45.19s | test x: 6.020e+00 | test adj: 7.623e+00 | train x: 6.902e+00 | train adj: 9.511e+00 | 
069 | 38.48s | test x: 6.891e+00 | test adj: 8.426e+00 | train x: 6.889e+00 | train adj: 8.871e+00 | 
070 | 38.73s | test x: 6.521e+00 | test adj: 8.311e+00 | train x: 6.827e+00 | train adj: 9.380e+00 | 
071 | 35.34s | test x: 6.232e+00 | test adj: 8.637e+00 | train x: 6.897e+00 | train adj: 8.909e+00 | 
072 | 45.16s | test x: 6.455e+00 | test adj: 8.152e+00 | train x: 6.861e+00 | train adj: 9.219e+00 | 
073 | 45.21s | test x: 6.355e+00 | test adj: 8.301e+00 | train x: 6.853e+00 | train adj: 9.175e+00 | 
074 | 45.20s | test x: 6.075e+00 | test adj: 8.312e+00 | train x: 6.691e+00 | train adj: 9.029e+00 | 
075 | 45.18s | test x: 6.243e+00 | test adj: 7.867e+00 | train x: 6.978e+00 | train adj: 9.295e+00 | 
076 | 45.15s | test x: 6.541e+00 | test adj: 7.585e+00 | train x: 6.811e+00 | train adj: 9.469e+00 | 
077 | 45.14s | test x: 6.000e+00 | test adj: 8.173e+00 | train x: 6.776e+00 | train adj: 9.234e+00 | 
078 | 45.15s | test x: 6.165e+00 | test adj: 8.328e+00 | train x: 6.772e+00 | train adj: 9.136e+00 | 
079 | 44.82s | test x: 6.028e+00 | test adj: 8.131e+00 | train x: 6.807e+00 | train adj: 9.610e+00 | 
080 | 44.80s | test x: 6.055e+00 | test adj: 8.304e+00 | train x: 6.668e+00 | train adj: 9.223e+00 | 
081 | 45.90s | test x: 6.211e+00 | test adj: 8.549e+00 | train x: 6.874e+00 | train adj: 8.945e+00 | 
082 | 45.16s | test x: 6.437e+00 | test adj: 7.369e+00 | train x: 6.750e+00 | train adj: 9.264e+00 | 
083 | 48.95s | test x: 6.154e+00 | test adj: 7.651e+00 | train x: 6.773e+00 | train adj: 9.158e+00 | 
084 | 50.36s | test x: 5.846e+00 | test adj: 8.122e+00 | train x: 6.622e+00 | train adj: 8.908e+00 | 
085 | 48.32s | test x: 6.225e+00 | test adj: 8.252e+00 | train x: 6.757e+00 | train adj: 9.095e+00 | 
086 | 49.39s | test x: 6.058e+00 | test adj: 8.429e+00 | train x: 6.782e+00 | train adj: 9.154e+00 | 
087 | 49.94s | test x: 6.528e+00 | test adj: 7.906e+00 | train x: 6.730e+00 | train adj: 9.522e+00 | 
088 | 49.43s | test x: 6.392e+00 | test adj: 8.359e+00 | train x: 6.665e+00 | train adj: 8.974e+00 | 
089 | 47.62s | test x: 6.026e+00 | test adj: 8.176e+00 | train x: 6.810e+00 | train adj: 8.926e+00 | 
090 | 45.75s | test x: 5.975e+00 | test adj: 8.483e+00 | train x: 6.670e+00 | train adj: 9.009e+00 | 
091 | 45.21s | test x: 5.723e+00 | test adj: 8.574e+00 | train x: 6.793e+00 | train adj: 9.154e+00 | 
092 | 47.35s | test x: 6.314e+00 | test adj: 8.232e+00 | train x: 6.618e+00 | train adj: 9.067e+00 | 
093 | 48.96s | test x: 6.153e+00 | test adj: 7.681e+00 | train x: 6.699e+00 | train adj: 8.901e+00 | 
094 | 45.16s | test x: 6.016e+00 | test adj: 7.779e+00 | train x: 6.624e+00 | train adj: 9.006e+00 | 
095 | 47.62s | test x: 5.620e+00 | test adj: 6.940e+00 | train x: 6.703e+00 | train adj: 9.143e+00 | 
096 | 49.08s | test x: 6.311e+00 | test adj: 8.135e+00 | train x: 6.848e+00 | train adj: 9.229e+00 | 
097 | 50.53s | test x: 6.263e+00 | test adj: 9.047e+00 | train x: 6.627e+00 | train adj: 8.883e+00 | 
098 | 51.46s | test x: 6.068e+00 | test adj: 8.370e+00 | train x: 6.702e+00 | train adj: 9.030e+00 | 
099 | 50.14s | test x: 5.986e+00 | test adj: 9.462e+00 | train x: 6.727e+00 | train adj: 8.831e+00 | 
100 | 47.22s | test x: 6.044e+00 | test adj: 8.328e+00 | train x: 6.733e+00 | train adj: 9.072e+00 | 
101 | 48.24s | test x: 6.042e+00 | test adj: 6.660e+00 | train x: 6.537e+00 | train adj: 8.712e+00 | 
102 | 46.36s | test x: 6.165e+00 | test adj: 7.867e+00 | train x: 6.789e+00 | train adj: 9.004e+00 | 
103 | 45.22s | test x: 5.937e+00 | test adj: 8.598e+00 | train x: 6.565e+00 | train adj: 8.779e+00 | 
104 | 47.35s | test x: 6.528e+00 | test adj: 8.030e+00 | train x: 6.735e+00 | train adj: 9.031e+00 | 
105 | 45.24s | test x: 5.759e+00 | test adj: 7.469e+00 | train x: 6.758e+00 | train adj: 9.110e+00 | 
106 | 48.41s | test x: 5.952e+00 | test adj: 8.130e+00 | train x: 6.621e+00 | train adj: 9.028e+00 | 
107 | 47.57s | test x: 5.735e+00 | test adj: 8.712e+00 | train x: 6.611e+00 | train adj: 8.961e+00 | 
108 | 45.13s | test x: 5.599e+00 | test adj: 6.915e+00 | train x: 6.583e+00 | train adj: 8.844e+00 | 
109 | 50.55s | test x: 5.513e+00 | test adj: 7.851e+00 | train x: 6.617e+00 | train adj: 8.765e+00 | 
110 | 47.67s | test x: 6.065e+00 | test adj: 8.166e+00 | train x: 6.551e+00 | train adj: 9.140e+00 | 
111 | 45.17s | test x: 6.040e+00 | test adj: 7.800e+00 | train x: 6.702e+00 | train adj: 8.894e+00 | 
112 | 45.22s | test x: 6.514e+00 | test adj: 8.953e+00 | train x: 6.578e+00 | train adj: 9.445e+00 | 
113 | 48.54s | test x: 5.430e+00 | test adj: 6.662e+00 | train x: 6.616e+00 | train adj: 9.431e+00 | 
114 | 47.46s | test x: 6.022e+00 | test adj: 7.705e+00 | train x: 6.662e+00 | train adj: 9.007e+00 | 
115 | 44.83s | test x: 6.007e+00 | test adj: 8.801e+00 | train x: 6.560e+00 | train adj: 8.736e+00 | 
116 | 48.03s | test x: 5.895e+00 | test adj: 6.986e+00 | train x: 6.678e+00 | train adj: 9.281e+00 | 
117 | 52.89s | test x: 5.883e+00 | test adj: 8.156e+00 | train x: 6.754e+00 | train adj: 9.058e+00 | 
118 | 49.04s | test x: 5.709e+00 | test adj: 7.896e+00 | train x: 6.529e+00 | train adj: 8.678e+00 | 
119 | 50.89s | test x: 5.504e+00 | test adj: 7.504e+00 | train x: 6.554e+00 | train adj: 8.504e+00 | 
120 | 52.18s | test x: 5.845e+00 | test adj: 8.080e+00 | train x: 6.652e+00 | train adj: 8.903e+00 | 
121 | 49.19s | test x: 5.882e+00 | test adj: 8.299e+00 | train x: 6.517e+00 | train adj: 8.836e+00 | 
122 | 41.51s | test x: 6.760e+00 | test adj: 8.609e+00 | train x: 6.667e+00 | train adj: 8.710e+00 | 
123 | 42.39s | test x: 6.179e+00 | test adj: 7.271e+00 | train x: 6.412e+00 | train adj: 8.802e+00 | 
124 | 42.81s | test x: 6.153e+00 | test adj: 8.388e+00 | train x: 6.421e+00 | train adj: 8.519e+00 | 
125 | 47.80s | test x: 5.955e+00 | test adj: 8.303e+00 | train x: 6.530e+00 | train adj: 8.768e+00 | 
126 | 45.12s | test x: 6.433e+00 | test adj: 8.405e+00 | train x: 6.567e+00 | train adj: 8.577e+00 | 
127 | 46.90s | test x: 6.094e+00 | test adj: 8.342e+00 | train x: 6.492e+00 | train adj: 8.817e+00 | 
128 | 47.10s | test x: 5.366e+00 | test adj: 7.215e+00 | train x: 6.573e+00 | train adj: 8.437e+00 | 
129 | 45.17s | test x: 5.969e+00 | test adj: 8.091e+00 | train x: 6.607e+00 | train adj: 8.633e+00 | 
130 | 45.15s | test x: 5.844e+00 | test adj: 7.844e+00 | train x: 6.624e+00 | train adj: 8.998e+00 | 
131 | 45.21s | test x: 6.043e+00 | test adj: 8.144e+00 | train x: 6.647e+00 | train adj: 8.763e+00 | 
132 | 45.47s | test x: 6.676e+00 | test adj: 7.991e+00 | train x: 6.573e+00 | train adj: 8.876e+00 | 
133 | 46.88s | test x: 6.217e+00 | test adj: 8.181e+00 | train x: 6.648e+00 | train adj: 8.822e+00 | 
134 | 45.28s | test x: 6.286e+00 | test adj: 8.622e+00 | train x: 6.645e+00 | train adj: 8.925e+00 | 
135 | 45.28s | test x: 5.978e+00 | test adj: 7.731e+00 | train x: 6.687e+00 | train adj: 8.830e+00 | 
136 | 47.30s | test x: 5.523e+00 | test adj: 8.395e+00 | train x: 6.531e+00 | train adj: 8.741e+00 | 
137 | 47.54s | test x: 5.495e+00 | test adj: 7.472e+00 | train x: 6.624e+00 | train adj: 8.716e+00 | 
138 | 45.01s | test x: 6.159e+00 | test adj: 7.608e+00 | train x: 6.530e+00 | train adj: 8.920e+00 | 
139 | 45.37s | test x: 6.323e+00 | test adj: 7.423e+00 | train x: 6.520e+00 | train adj: 9.004e+00 | 
140 | 47.80s | test x: 5.694e+00 | test adj: 7.373e+00 | train x: 6.685e+00 | train adj: 8.902e+00 | 
141 | 47.61s | test x: 6.006e+00 | test adj: 7.442e+00 | train x: 6.584e+00 | train adj: 8.861e+00 | 
142 | 47.60s | test x: 6.283e+00 | test adj: 8.339e+00 | train x: 6.683e+00 | train adj: 8.870e+00 | 
143 | 45.11s | test x: 6.804e+00 | test adj: 8.502e+00 | train x: 6.457e+00 | train adj: 8.622e+00 | 
144 | 45.31s | test x: 6.430e+00 | test adj: 7.447e+00 | train x: 6.484e+00 | train adj: 8.712e+00 | 
145 | 48.42s | test x: 6.150e+00 | test adj: 8.430e+00 | train x: 6.401e+00 | train adj: 8.652e+00 | 
146 | 48.35s | test x: 5.921e+00 | test adj: 7.622e+00 | train x: 6.460e+00 | train adj: 8.808e+00 | 
147 | 45.69s | test x: 6.359e+00 | test adj: 7.296e+00 | train x: 6.440e+00 | train adj: 8.874e+00 | 
148 | 45.31s | test x: 6.062e+00 | test adj: 7.772e+00 | train x: 6.573e+00 | train adj: 8.719e+00 | 
149 | 45.16s | test x: 5.680e+00 | test adj: 6.607e+00 | train x: 6.605e+00 | train adj: 8.892e+00 | 
150 | 46.54s | test x: 6.192e+00 | test adj: 8.637e+00 | train x: 6.544e+00 | train adj: 8.448e+00 | 
151 | 45.14s | test x: 5.701e+00 | test adj: 7.263e+00 | train x: 6.479e+00 | train adj: 8.674e+00 | 
152 | 45.13s | test x: 5.863e+00 | test adj: 8.314e+00 | train x: 6.337e+00 | train adj: 8.662e+00 | 
153 | 45.17s | test x: 6.205e+00 | test adj: 7.684e+00 | train x: 6.544e+00 | train adj: 8.680e+00 | 
154 | 45.13s | test x: 5.817e+00 | test adj: 7.599e+00 | train x: 6.584e+00 | train adj: 8.716e+00 | 
155 | 45.14s | test x: 6.105e+00 | test adj: 8.406e+00 | train x: 6.467e+00 | train adj: 8.783e+00 | 
156 | 45.22s | test x: 5.877e+00 | test adj: 8.745e+00 | train x: 6.564e+00 | train adj: 8.447e+00 | 
157 | 45.14s | test x: 5.827e+00 | test adj: 7.893e+00 | train x: 6.644e+00 | train adj: 8.780e+00 | 
158 | 45.17s | test x: 5.968e+00 | test adj: 7.585e+00 | train x: 6.453e+00 | train adj: 8.318e+00 | 
159 | 45.13s | test x: 6.221e+00 | test adj: 8.049e+00 | train x: 6.565e+00 | train adj: 8.929e+00 | 
160 | 45.33s | test x: 6.449e+00 | test adj: 7.706e+00 | train x: 6.403e+00 | train adj: 8.996e+00 | 
161 | 45.41s | test x: 5.879e+00 | test adj: 8.066e+00 | train x: 6.483e+00 | train adj: 8.796e+00 | 
162 | 45.31s | test x: 5.504e+00 | test adj: 7.582e+00 | train x: 6.497e+00 | train adj: 8.608e+00 | 
163 | 45.25s | test x: 5.782e+00 | test adj: 7.542e+00 | train x: 6.576e+00 | train adj: 9.025e+00 | 
164 | 45.13s | test x: 6.434e+00 | test adj: 8.036e+00 | train x: 6.272e+00 | train adj: 8.333e+00 | 
165 | 45.20s | test x: 6.415e+00 | test adj: 8.202e+00 | train x: 6.579e+00 | train adj: 8.687e+00 | 
166 | 45.15s | test x: 6.024e+00 | test adj: 8.273e+00 | train x: 6.490e+00 | train adj: 8.576e+00 | 
167 | 45.15s | test x: 5.844e+00 | test adj: 7.774e+00 | train x: 6.461e+00 | train adj: 8.641e+00 | 
168 | 45.21s | test x: 6.155e+00 | test adj: 7.979e+00 | train x: 6.395e+00 | train adj: 8.636e+00 | 
169 | 45.19s | test x: 5.839e+00 | test adj: 7.437e+00 | train x: 6.475e+00 | train adj: 8.804e+00 | 
170 | 45.20s | test x: 6.613e+00 | test adj: 9.083e+00 | train x: 6.582e+00 | train adj: 8.774e+00 | 
171 | 45.21s | test x: 5.601e+00 | test adj: 7.457e+00 | train x: 6.506e+00 | train adj: 8.668e+00 | 
172 | 45.15s | test x: 6.037e+00 | test adj: 7.953e+00 | train x: 6.552e+00 | train adj: 8.832e+00 | 
173 | 45.22s | test x: 5.937e+00 | test adj: 7.342e+00 | train x: 6.480e+00 | train adj: 8.725e+00 | 
174 | 45.24s | test x: 5.796e+00 | test adj: 7.683e+00 | train x: 6.616e+00 | train adj: 8.713e+00 | 
175 | 45.22s | test x: 5.644e+00 | test adj: 8.439e+00 | train x: 6.554e+00 | train adj: 8.663e+00 | 
176 | 41.81s | test x: 5.680e+00 | test adj: 7.650e+00 | train x: 6.461e+00 | train adj: 8.729e+00 | 
177 | 37.31s | test x: 5.822e+00 | test adj: 7.175e+00 | train x: 6.592e+00 | train adj: 8.753e+00 | 
178 | 31.47s | test x: 6.064e+00 | test adj: 8.507e+00 | train x: 6.347e+00 | train adj: 8.582e+00 | 
179 | 44.97s | test x: 5.561e+00 | test adj: 8.415e+00 | train x: 6.538e+00 | train adj: 8.726e+00 | 
180 | 45.48s | test x: 6.051e+00 | test adj: 8.238e+00 | train x: 6.494e+00 | train adj: 8.343e+00 | 
181 | 45.16s | test x: 5.767e+00 | test adj: 8.215e+00 | train x: 6.418e+00 | train adj: 8.442e+00 | 
182 | 45.24s | test x: 5.790e+00 | test adj: 7.901e+00 | train x: 6.461e+00 | train adj: 8.376e+00 | 
183 | 45.14s | test x: 5.952e+00 | test adj: 8.010e+00 | train x: 6.460e+00 | train adj: 8.490e+00 | 
184 | 45.17s | test x: 5.929e+00 | test adj: 8.616e+00 | train x: 6.408e+00 | train adj: 8.474e+00 | 
185 | 45.23s | test x: 5.799e+00 | test adj: 7.439e+00 | train x: 6.515e+00 | train adj: 8.697e+00 | 
186 | 45.16s | test x: 6.416e+00 | test adj: 7.862e+00 | train x: 6.515e+00 | train adj: 8.560e+00 | 
187 | 45.23s | test x: 6.343e+00 | test adj: 7.640e+00 | train x: 6.457e+00 | train adj: 8.659e+00 | 
188 | 45.22s | test x: 6.585e+00 | test adj: 8.294e+00 | train x: 6.495e+00 | train adj: 8.706e+00 | 
189 | 45.23s | test x: 5.986e+00 | test adj: 7.863e+00 | train x: 6.293e+00 | train adj: 8.743e+00 | 
190 | 45.22s | test x: 5.978e+00 | test adj: 7.309e+00 | train x: 6.544e+00 | train adj: 8.613e+00 | 
191 | 45.19s | test x: 6.213e+00 | test adj: 8.484e+00 | train x: 6.593e+00 | train adj: 8.551e+00 | 
192 | 45.17s | test x: 6.329e+00 | test adj: 8.433e+00 | train x: 6.547e+00 | train adj: 8.756e+00 | 
193 | 45.27s | test x: 6.338e+00 | test adj: 7.731e+00 | train x: 6.354e+00 | train adj: 8.501e+00 | 
194 | 45.21s | test x: 5.730e+00 | test adj: 7.236e+00 | train x: 6.570e+00 | train adj: 8.714e+00 | 
195 | 45.23s | test x: 6.371e+00 | test adj: 8.790e+00 | train x: 6.346e+00 | train adj: 8.741e+00 | 
196 | 45.15s | test x: 5.359e+00 | test adj: 7.373e+00 | train x: 6.446e+00 | train adj: 8.370e+00 | 
197 | 45.12s | test x: 5.911e+00 | test adj: 7.270e+00 | train x: 6.303e+00 | train adj: 8.542e+00 | 
198 | 45.16s | test x: 5.878e+00 | test adj: 8.114e+00 | train x: 6.378e+00 | train adj: 8.639e+00 | 
199 | 45.22s | test x: 5.839e+00 | test adj: 7.910e+00 | train x: 6.363e+00 | train adj: 8.412e+00 | 
200 | 45.16s | test x: 6.126e+00 | test adj: 8.986e+00 | train x: 6.423e+00 | train adj: 8.523e+00 | 
201 | 45.15s | test x: 6.144e+00 | test adj: 8.544e+00 | train x: 6.541e+00 | train adj: 8.722e+00 | 
202 | 45.17s | test x: 5.741e+00 | test adj: 8.317e+00 | train x: 6.391e+00 | train adj: 8.350e+00 | 
203 | 45.23s | test x: 5.984e+00 | test adj: 8.539e+00 | train x: 6.518e+00 | train adj: 8.735e+00 | 
